// Jest Snapshot v1, https://goo.gl/fbAQLP

exports[`pruebas en <GiftItem /> debe de hacer match con el snapshot 1`] = `
<div>
  <div
    class="card"
  >
    <img
      alt="goku"
      src="https://localhost/algo.jpg"
    />
    <p>
      goku
    </p>
  </div>
</div>
`;
